// Jest Snapshot v1, https://goo.gl/fbAQLP

exports[`Pruebas en <GetItem /> Debe hacer match con el snapshot 1`] = `
<div>
  <div
    class="card"
  >
    <img
      alt="Dragon Ball"
      src="https://api.giphy.com"
    />
    <p>
      Dragon Ball
    </p>
  </div>
</div>
`;
